WARNING 2026-08-03 17:51:35,428 log 31420 5980 Not Found: /superadmin/
WARNING 2026-08-03 17:51:35,429 log 31420 5980 "GET /superadmin/ HTTP/1.1" 404 13264
WARNING 2026-08-05 09:32:03,390 log 18224 16164 Not Found: /favicon.ico
WARNING 2026-08-05 09:32:03,392 log 18224 16164 "GET /favicon.ico HTTP/1.1" 404 13264
WARNING 2026-09-18 15:17:48,137 log 18136 25812 Not Found: /favicon.ico
WARNING 2026-09-18 15:17:48,139 log 18136 25812 "GET /favicon.ico HTTP/1.1" 404 14965
ERROR 2026-09-18 15:22:15,894 log 6808 8140 Internal Server Error: /orders/cancel/1/
Traceback (most recent call last):
  File "C:\Users\prasa\AppData\Local\Programs\Python\Python313\Lib\site-packages\django\core\handlers\exception.py", line 55, in inner
    response = get_response(request)
  File "C:\Users\prasa\AppData\Local\Programs\Python\Python313\Lib\site-packages\django\core\handlers\base.py", line 198, in _get_response
    response = wrapped_callback(request, *callback_args, **callback_kwargs)
  File "C:\Users\prasa\AppData\Local\Programs\Python\Python313\Lib\site-packages\django\contrib\auth\decorators.py", line 59, in _view_wrapper
    return view_func(request, *args, **kwargs)
  File "C:\Users\prasa\AppData\Local\Programs\Python\Python313\Lib\site-packages\django\views\decorators\http.py", line 64, in inner
    return func(request, *args, **kwargs)
  File "D:\abhi's\FoodGrocery-ecommerce\store\views.py", line 775, in cancel_order
    for vo in order.vendor_orders.all():
              ^^^^^^^^^^^^^^^^^^^
AttributeError: 'Order' object has no attribute 'vendor_orders'
ERROR 2026-09-18 15:22:20,174 log 6808 8140 Internal Server Error: /payment/verify/
WARNING 2026-09-18 15:29:30,412 log 13500 35672 Not Found: /vendor/orders/2/status-update/
WARNING 2026-09-18 15:34:29,494 log 35652 26936 Not Found: /vendor/orders/2/status-update/
WARNING 2026-09-21 11:18:39,760 log 30472 24152 Not Found: /favicon.ico
WARNING 2026-09-21 11:18:39,762 log 30472 24152 "GET /favicon.ico HTTP/1.1" 404 14965
WARNING 2026-09-21 11:24:13,625 log 36668 21088 Not Found: /vendor/orders/2/status-update/
WARNING 2026-09-21 11:24:40,732 log 37272 39672 Not Found: /vendor/orders/2/status-update/
WARNING 2026-09-21 11:26:10,853 log 30472 20112 Not Found: /favicon.ico
WARNING 2026-09-21 11:26:10,854 log 30472 20112 "GET /favicon.ico HTTP/1.1" 404 14965
WARNING 2026-09-21 11:34:23,150 log 33836 22136 Not Found: /vendor/orders/2/status-update/
WARNING 2026-09-21 13:15:47,512 log 11784 35716 Not Found: /vendor/orders/2/status-update/
WARNING 2026-09-21 13:16:29,473 log 38136 23496 Not Found: /vendor/orders/2/status-update/
WARNING 2026-09-21 13:23:30,841 log 38212 24752 Not Found: /vendor/orders/2/status-update/
WARNING 2026-09-21 13:50:30,583 log 20340 20448 Not Found: /vendor/orders/2/status-update/
WARNING 2026-09-21 13:54:40,618 log 17880 2568 Bad Request: /api/location/set/
WARNING 2026-09-21 13:54:49,306 log 17880 2568 Not Found: /vendor/orders/2/status-update/
WARNING 2026-09-21 13:55:39,444 log 31488 4844 Bad Request: /api/location/set/
WARNING 2026-09-21 13:55:48,764 log 31488 4844 Not Found: /vendor/orders/2/status-update/
WARNING 2026-09-21 14:02:57,294 log 29144 35548 Bad Request: /api/location/check-pincode/
WARNING 2026-09-21 14:03:03,968 log 29144 35548 Bad Request: /api/location/set/
WARNING 2026-09-21 14:03:31,138 log 29144 35548 Not Found: /vendor/orders/2/status-update/
WARNING 2026-09-21 14:23:15,053 log 8596 31056 Bad Request: /api/location/check-pincode/
WARNING 2026-09-21 14:23:21,628 log 8596 31056 Bad Request: /api/location/set/
WARNING 2026-09-21 14:23:30,220 log 8596 31056 Not Found: /vendor/orders/2/status-update/
WARNING 2026-09-21 14:24:39,209 log 1720 37760 Bad Request: /api/location/check-pincode/
WARNING 2026-09-21 14:24:47,044 log 1720 37760 Bad Request: /api/location/set/
WARNING 2026-09-21 14:24:55,722 log 1720 37760 Not Found: /vendor/orders/2/status-update/
